==================================================
  MiniCPMO45 Service Launcher
==================================================
  GPUs: 0 (1)
  Gateway: http://localhost:8006
  Workers: localhost:22400 ~ localhost:22400 (HTTP, internal)
==================================================
[Worker 0] Starting on GPU 0, port 22400...

Waiting for Workers to load models (~30-90s)...
[Worker 0] Ready ✓ (port 22400)

[Gateway] Starting on port 8006...
[Gateway] Ready ✓

==================================================
  Service is running!
  Chat Demo:  http://localhost:8006
  Admin:      http://localhost:8006/admin
  API Docs:   http://localhost:8006/docs
  Workers:    localhost:22400

  Logs:
    Gateway:  tmp/gateway.log
    Workers:  tmp/worker_*.log

  To stop:
    kill $(cat tmp/*.pid 2>/dev/null) 2>/dev/null
==================================================
